cross-check of the hand counts (covering-count lemma) by enumeration:
  d=2: |Lambda^+| = 21 (formula 21), q = 32 (formula 32), N_Q = 64 (formula 64)
  d=3: |Lambda^+| = 57 (formula 57), q = 312 (formula 312), N_Q = 312 (formula 312)
  d=4: |Lambda^+| = 121 (formula 121), q = 1536 (formula 1536), N_Q = 1024 (formula 1024)
  d=5: |Lambda^+| = 221 (formula 221), q = 5200 (formula 5200), N_Q = 2600 (formula 2600)
  d=6: |Lambda^+| = 365 (formula 365), q = 13920 (formula 13920), N_Q = 5568 (formula 5568)
  d=7: |Lambda^+| = 561 (formula 561), q = 31752 (formula 31752), N_Q = 10584 (formula 10584)

d | p_- | p_+ | q | N_Q | log2 K_d | Delta_d >= | g_d = 2 Delta_d >= | beta_*(d) >= | g_d (p_-=1/(2d), p_+=7/20) >=
3 | 0.211027 | 0.347298 | 312 | 312 | 23.723 | 2.3067e-10 | 4.6135e-10 | 10.317 | 2.3957e-10
4 | 0.146971 | 0.278746 | 1536 | 1024 | 27.385 | 3.7128e-12 | 7.4257e-12 | 12.200 | 2.0797e-12
5 | 0.100000 | 0.228327 | 5200 | 2600 | 30.206 | 1.5528e-13 | 3.1056e-13 | 13.595 | 1.0464e-14
6 | 0.083333 | 0.192101 | 13920 | 5568 | 32.334 | 1.3267e-14 | 2.6535e-14 | 14.734 | 6.0968e-17
7 | 0.071429 | 0.168116 | 31752 | 10584 | 34.184 | 1.6140e-15 | 3.2281e-15 | 15.710 | 3.9579e-19
8 | 0.062500 | 0.148514 | 64512 | 18432 | 35.734 | 2.7123e-16 | 5.4247e-16 | 16.535 | 2.7947e-21
9 | 0.055556 | 0.132563 | 120096 | 30024 | 37.059 | 5.8147e-17 | 1.1629e-16 | 17.246 | 2.1123e-23
10 | 0.050000 | 0.120502 | 208800 | 46400 | 38.278 | 1.4374e-17 | 2.8748e-17 | 17.892 | 1.6890e-25
11 | 0.045455 | 0.110110 | 343640 | 68728 | 39.346 | 4.1643e-18 | 8.3287e-18 | 18.464 | 1.4157e-27
12 | 0.041667 | 0.101168 | 540672 | 98304 | 40.299 | 1.3668e-18 | 2.7337e-18 | 18.977 | 1.2350e-29
15 | 0.033333 | 0.081789 | 1717800 | 245400 | 42.756 | 7.8373e-20 | 1.5674e-19 | 20.295 | 9.8717e-36
20 | 0.025000 | 0.062039 | 7539200 | 793600 | 45.872 | 2.0603e-21 | 4.1207e-21 | 21.971 | 1.0330e-45
30 | 0.016667 | 0.041767 | 59647200 | 4113600 | 50.167 | 1.3267e-23 | 2.6534e-23 | 24.291 | 2.6484e-65
50 | 0.010000 | 0.025278 | 792820000 | 32360000 | 55.492 | 2.4889e-26 | 4.9779e-26 | 27.175 | 7.8400e-104
100 | 0.005000 | 0.012719 | 26009280000 | 525440000 | 62.616 | 5.4386e-30 | 1.0877e-29 | 31.042 | 6.9823e-199

exact brackets of the table rows (p_+ = ceil(10^6 hi_60)/10^6 + 10^-6, exactly the value shown):
d | p_- (exact) | p_+ (exact) | p_+ = 6-decimal value shown | fine p_+ = hi_60 + 10^-6: g_d >= | beta_*(d) with p_c^- = 1/(2d-1) (d >= 5) >=
3 | 10000/47387 - 1/10^6 | 173649/500000 | True | 4.6135e-10 | 10.317
4 | 10000/68040 - 1/10^6 | 139373/500000 | True | 7.4258e-12 | 12.200
5 | 1/10 | 228327/1000000 | True | 3.1057e-13 | 13.648
6 | 1/12 | 192101/1000000 | True | 2.6535e-14 | 14.777
7 | 1/14 | 42029/250000 | True | 3.2281e-15 | 15.747
8 | 1/16 | 74257/500000 | True | 5.4247e-16 | 16.567
9 | 1/18 | 132563/1000000 | True | 1.1629e-16 | 17.275
10 | 1/20 | 60251/500000 | True | 2.8748e-17 | 17.918
11 | 1/22 | 11011/100000 | True | 8.3288e-18 | 18.487
12 | 1/24 | 6323/62500 | True | 2.7337e-18 | 18.999
15 | 1/30 | 81789/1000000 | True | 1.5675e-19 | 20.312
20 | 1/40 | 62039/1000000 | True | 4.1209e-21 | 21.983
30 | 1/60 | 41767/1000000 | True | 2.6534e-23 | 24.299
50 | 1/100 | 12639/500000 | True | 4.9787e-26 | 27.180
100 | 1/200 | 12719/1000000 | True | 1.0878e-29 | 31.045
